{
  "version": "1.5.0",
  "plugins_used": [
    {
      "name": "ArtifactoryDetector"
    },
    {
      "name": "AWSKeyDetector"
    },
    {
      "name": "AzureStorageKeyDetector"
    },
    {
      "name": "Base64HighEntropyString",
      "limit": 4.5
    },
    {
      "name": "BasicAuthDetector"
    },
    {
      "name": "CloudantDetector"
    },
    {
      "name": "DiscordBotTokenDetector"
    },
    {
      "name": "GitHubTokenDetector"
    },
    {
      "name": "GitLabTokenDetector"
    },
    {
      "name": "HexHighEntropyString",
      "limit": 3.0
    },
    {
      "name": "IbmCloudIamDetector"
    },
    {
      "name": "IbmCosHmacDetector"
    },
    {
      "name": "IPPublicDetector"
    },
    {
      "name": "JwtTokenDetector"
    },
    {
      "name": "KeywordDetector",
      "keyword_exclude": ""
    },
    {
      "name": "MailchimpDetector"
    },
    {
      "name": "NpmDetector"
    },
    {
      "name": "OpenAIDetector"
    },
    {
      "name": "PrivateKeyDetector"
    },
    {
      "name": "PypiTokenDetector"
    },
    {
      "name": "SendGridDetector"
    },
    {
      "name": "SlackDetector"
    },
    {
      "name": "SoftlayerDetector"
    },
    {
      "name": "SquareOAuthDetector"
    },
    {
      "name": "StripeDetector"
    },
    {
      "name": "TelegramBotTokenDetector"
    },
    {
      "name": "TwilioKeyDetector"
    }
  ],
  "filters_used": [
    {
      "path": "detect_secrets.filters.allowlist.is_line_allowlisted"
    },
    {
      "path": "detect_secrets.filters.common.is_baseline_file",
      "filename": ".secrets.baseline"
    },
    {
      "path": "detect_secrets.filters.common.is_ignored_due_to_verification_policies",
      "min_level": 2
    },
    {
      "path": "detect_secrets.filters.heuristic.is_indirect_reference"
    },
    {
      "path": "detect_secrets.filters.heuristic.is_likely_id_string"
    },
    {
      "path": "detect_secrets.filters.heuristic.is_lock_file"
    },
    {
      "path": "detect_secrets.filters.heuristic.is_not_alphanumeric_string"
    },
    {
      "path": "detect_secrets.filters.heuristic.is_potential_uuid"
    },
    {
      "path": "detect_secrets.filters.heuristic.is_prefixed_with_dollar_sign"
    },
    {
      "path": "detect_secrets.filters.heuristic.is_sequential_string"
    },
    {
      "path": "detect_secrets.filters.heuristic.is_swagger_file"
    },
    {
      "path": "detect_secrets.filters.heuristic.is_templated_secret"
    },
    {
      "path": "detect_secrets.filters.regex.should_exclude_file",
      "pattern": [
        "pnpm-lock\\.yaml|.*\\.lock$"
      ]
    }
  ],
  "results": {
    ".github/workflows/ci.yml": [
      {
        "type": "Secret Keyword",
        "filename": ".github/workflows/ci.yml",
        "hashed_secret": "52b7362eed5e398bad39dafb5ad68515e6547a3a",
        "is_verified": false,
        "line_number": 221
      },
      {
        "type": "Basic Auth Credentials",
        "filename": ".github/workflows/ci.yml",
        "hashed_secret": "52b7362eed5e398bad39dafb5ad68515e6547a3a",
        "is_verified": false,
        "line_number": 268
      }
    ],
    "docs/decisions/AUTH_ARCHITECTURE.md": [
      {
        "type": "Secret Keyword",
        "filename": "docs/decisions/AUTH_ARCHITECTURE.md",
        "hashed_secret": "1aa0cf383d91e23d19481de4e4664887f40db48c",
        "is_verified": false,
        "line_number": 107
      }
    ],
    "infra/airflow/values-dev.yaml": [
      {
        "type": "Secret Keyword",
        "filename": "infra/airflow/values-dev.yaml",
        "hashed_secret": "b2df08917037bc83db91d7668c3d814dad00766c",
        "is_verified": false,
        "line_number": 17
      },
      {
        "type": "Secret Keyword",
        "filename": "infra/airflow/values-dev.yaml",
        "hashed_secret": "3a4ae57b1c25244a43c2162a20823816542fb178",
        "is_verified": false,
        "line_number": 21
      }
    ],
    "src/backend/.env.example": [
      {
        "type": "Basic Auth Credentials",
        "filename": "src/backend/.env.example",
        "hashed_secret": "afc848c316af1a89d49826c5ae9d00ed769415f3",
        "is_verified": false,
        "line_number": 15
      }
    ],
    "src/backend/app/api/routes/demo.py": [
      {
        "type": "Hex High Entropy String",
        "filename": "src/backend/app/api/routes/demo.py",
        "hashed_secret": "b4c9248600a42f8c38c01b632f392dbcb4c7b19a",
        "is_verified": false,
        "line_number": 124
      }
    ],
    "src/backend/app/core/config.py": [
      {
        "type": "Basic Auth Credentials",
        "filename": "src/backend/app/core/config.py",
        "hashed_secret": "afc848c316af1a89d49826c5ae9d00ed769415f3",
        "is_verified": false,
        "line_number": 28
      },
      {
        "type": "Secret Keyword",
        "filename": "src/backend/app/core/config.py",
        "hashed_secret": "ebd34a8df417fa2bdc4ab11dda5a727634c55cc7",
        "is_verified": false,
        "line_number": 74
      }
    ],
    "src/backend/tests/integration/test_api_auth.py": [
      {
        "type": "Secret Keyword",
        "filename": "src/backend/tests/integration/test_api_auth.py",
        "hashed_secret": "20b05c695ef1f14caa80ab1ce617d503ba9de093",
        "is_verified": false,
        "line_number": 113
      },
      {
        "type": "Secret Keyword",
        "filename": "src/backend/tests/integration/test_api_auth.py",
        "hashed_secret": "1ded3053d0363079a4e681a3b700435d6d880290",
        "is_verified": false,
        "line_number": 157
      },
      {
        "type": "Secret Keyword",
        "filename": "src/backend/tests/integration/test_api_auth.py",
        "hashed_secret": "14578ef6b92cbaea2e5c8678a7cf1ed2b665a6c8",
        "is_verified": false,
        "line_number": 232
      },
      {
        "type": "Secret Keyword",
        "filename": "src/backend/tests/integration/test_api_auth.py",
        "hashed_secret": "95bf81d6ea04f6ab2b6d13c33770c698b104d844",
        "is_verified": false,
        "line_number": 577
      }
    ],
    "src/backend/tests/unit/test_forge_base.py": [
      {
        "type": "Secret Keyword",
        "filename": "src/backend/tests/unit/test_forge_base.py",
        "hashed_secret": "5c5a15a8b0b3e154d77746945e563ba40100681b",
        "is_verified": false,
        "line_number": 62
      }
    ],
    "src/backend/tests/unit/test_github_k8s_bridge.py": [
      {
        "type": "Hex High Entropy String",
        "filename": "src/backend/tests/unit/test_github_k8s_bridge.py",
        "hashed_secret": "b4c9248600a42f8c38c01b632f392dbcb4c7b19a",
        "is_verified": false,
        "line_number": 195
      },
      {
        "type": "Hex High Entropy String",
        "filename": "src/backend/tests/unit/test_github_k8s_bridge.py",
        "hashed_secret": "90bd1b48e958257948487b90bee080ba5ed00caa",
        "is_verified": false,
        "line_number": 332
      }
    ],
    "src/backend/tests/unit/test_schemas.py": [
      {
        "type": "Secret Keyword",
        "filename": "src/backend/tests/unit/test_schemas.py",
        "hashed_secret": "20b05c695ef1f14caa80ab1ce617d503ba9de093",
        "is_verified": false,
        "line_number": 39
      },
      {
        "type": "Secret Keyword",
        "filename": "src/backend/tests/unit/test_schemas.py",
        "hashed_secret": "c0f6de7026e5f369222260d265e766f910e5038f",
        "is_verified": false,
        "line_number": 61
      },
      {
        "type": "Secret Keyword",
        "filename": "src/backend/tests/unit/test_schemas.py",
        "hashed_secret": "25bcfee61dcf3b15ed8527e72c5e619a84a9d912",
        "is_verified": false,
        "line_number": 71
      },
      {
        "type": "Secret Keyword",
        "filename": "src/backend/tests/unit/test_schemas.py",
        "hashed_secret": "b3e74f6f0663fe1567a9c23b052e93bf425c34d5",
        "is_verified": false,
        "line_number": 81
      },
      {
        "type": "Secret Keyword",
        "filename": "src/backend/tests/unit/test_schemas.py",
        "hashed_secret": "a09bee6e7375964387dfa49fe2de7c502e5e2d3b",
        "is_verified": false,
        "line_number": 91
      },
      {
        "type": "Secret Keyword",
        "filename": "src/backend/tests/unit/test_schemas.py",
        "hashed_secret": "d8bba58683e577cdd462e2cd1207808e1b01b3cb",
        "is_verified": false,
        "line_number": 114
      },
      {
        "type": "Secret Keyword",
        "filename": "src/backend/tests/unit/test_schemas.py",
        "hashed_secret": "5baa61e4c9b93f3f0682250b6cf8331b7ee68fd8",
        "is_verified": false,
        "line_number": 122
      },
      {
        "type": "Secret Keyword",
        "filename": "src/backend/tests/unit/test_schemas.py",
        "hashed_secret": "08aad7bc74a63143f7215718f35420d58c7ba72b",
        "is_verified": false,
        "line_number": 131
      },
      {
        "type": "Secret Keyword",
        "filename": "src/backend/tests/unit/test_schemas.py",
        "hashed_secret": "21ced7f92c9da8ed56260cc386c11ec675293ca0",
        "is_verified": false,
        "line_number": 132
      },
      {
        "type": "Secret Keyword",
        "filename": "src/backend/tests/unit/test_schemas.py",
        "hashed_secret": "1ded3053d0363079a4e681a3b700435d6d880290",
        "is_verified": false,
        "line_number": 142
      }
    ],
    "src/backend/tests/unit/test_security.py": [
      {
        "type": "Secret Keyword",
        "filename": "src/backend/tests/unit/test_security.py",
        "hashed_secret": "20b05c695ef1f14caa80ab1ce617d503ba9de093",
        "is_verified": false,
        "line_number": 32
      },
      {
        "type": "Secret Keyword",
        "filename": "src/backend/tests/unit/test_security.py",
        "hashed_secret": "f500ab6638fc7cca2ef8e987ffbcade0ff56127e",
        "is_verified": false,
        "line_number": 49
      }
    ],
    "src/backend/tests/unit/test_webhook_router.py": [
      {
        "type": "Secret Keyword",
        "filename": "src/backend/tests/unit/test_webhook_router.py",
        "hashed_secret": "fe1bae27cb7c1fb823f496f286e78f1d2ae87734",
        "is_verified": false,
        "line_number": 117
      }
    ],
    "src/frontend/e2e/auth.spec.ts": [
      {
        "type": "Secret Keyword",
        "filename": "src/frontend/e2e/auth.spec.ts",
        "hashed_secret": "20b05c695ef1f14caa80ab1ce617d503ba9de093",
        "is_verified": false,
        "line_number": 16
      }
    ],
    "src/frontend/src/components/auth/LoginForm.test.tsx": [
      {
        "type": "Secret Keyword",
        "filename": "src/frontend/src/components/auth/LoginForm.test.tsx",
        "hashed_secret": "cbfdac6008f9cab4083784cbd1874f76618d2a97",
        "is_verified": false,
        "line_number": 139
      }
    ],
    "src/frontend/src/components/auth/RegisterForm.test.tsx": [
      {
        "type": "Secret Keyword",
        "filename": "src/frontend/src/components/auth/RegisterForm.test.tsx",
        "hashed_secret": "20b05c695ef1f14caa80ab1ce617d503ba9de093",
        "is_verified": false,
        "line_number": 277
      }
    ],
    "src/frontend/src/lib/api/auth.test.ts": [
      {
        "type": "Secret Keyword",
        "filename": "src/frontend/src/lib/api/auth.test.ts",
        "hashed_secret": "20b05c695ef1f14caa80ab1ce617d503ba9de093",
        "is_verified": false,
        "line_number": 178
      },
      {
        "type": "Secret Keyword",
        "filename": "src/frontend/src/lib/api/auth.test.ts",
        "hashed_secret": "cbfdac6008f9cab4083784cbd1874f76618d2a97",
        "is_verified": false,
        "line_number": 229
      },
      {
        "type": "Secret Keyword",
        "filename": "src/frontend/src/lib/api/auth.test.ts",
        "hashed_secret": "d8ecf7db8fc9ec9c31bc5c9ae2929cc599c75f8d",
        "is_verified": false,
        "line_number": 262
      },
      {
        "type": "Secret Keyword",
        "filename": "src/frontend/src/lib/api/auth.test.ts",
        "hashed_secret": "a0f4ea7d91495df92bbac2e2149dfb850fe81396",
        "is_verified": false,
        "line_number": 341
      },
      {
        "type": "Secret Keyword",
        "filename": "src/frontend/src/lib/api/auth.test.ts",
        "hashed_secret": "a4b48a81cdab1e1a5dd37907d6c85ca1c61ddc7c",
        "is_verified": false,
        "line_number": 354
      },
      {
        "type": "Secret Keyword",
        "filename": "src/frontend/src/lib/api/auth.test.ts",
        "hashed_secret": "5baa61e4c9b93f3f0682250b6cf8331b7ee68fd8",
        "is_verified": false,
        "line_number": 367
      }
    ],
    "src/frontend/src/lib/auth/AuthContext.test.tsx": [
      {
        "type": "Secret Keyword",
        "filename": "src/frontend/src/lib/auth/AuthContext.test.tsx",
        "hashed_secret": "cbfdac6008f9cab4083784cbd1874f76618d2a97",
        "is_verified": false,
        "line_number": 134
      },
      {
        "type": "Secret Keyword",
        "filename": "src/frontend/src/lib/auth/AuthContext.test.tsx",
        "hashed_secret": "d8ecf7db8fc9ec9c31bc5c9ae2929cc599c75f8d",
        "is_verified": false,
        "line_number": 157
      },
      {
        "type": "Secret Keyword",
        "filename": "src/frontend/src/lib/auth/AuthContext.test.tsx",
        "hashed_secret": "20b05c695ef1f14caa80ab1ce617d503ba9de093",
        "is_verified": false,
        "line_number": 180
      },
      {
        "type": "Secret Keyword",
        "filename": "src/frontend/src/lib/auth/AuthContext.test.tsx",
        "hashed_secret": "559b05f1b2863e725b76e216ac3dadecbf92e244",
        "is_verified": false,
        "line_number": 298
      },
      {
        "type": "Secret Keyword",
        "filename": "src/frontend/src/lib/auth/AuthContext.test.tsx",
        "hashed_secret": "606238e525f7dafc49fed157e036866913ea3e40",
        "is_verified": false,
        "line_number": 299
      }
    ],
    "src/webhook-gateway/tests/conftest.py": [
      {
        "type": "Secret Keyword",
        "filename": "src/webhook-gateway/tests/conftest.py",
        "hashed_secret": "7cb6efb98ba5972a9b5090dc2e517fe14d12cb04",
        "is_verified": false,
        "line_number": 9
      }
    ]
  },
  "generated_at": "2026-05-22T07:46:57Z"
}
